22:22:26  INFO   logging to /Users/dhruval/Documents/polymer-property-prediction-2/results/exp_chain_ext_catboost/run.log
22:22:26  INFO   === exp_chain_ext_catboost ===
22:22:26  INFO   CONFIG: n_splits=5 seed=42 chain_n_units=3 morgan2=2048 morgan3=2048 atompair=2048 toptorsion=2048 avalon=512 early_stop=200
22:22:26  INFO   CV mode: aux-augmented (aux lookup from full train, target slot masked)
22:22:26  INFO   Post-fit: Maxwell EPS↔Nc physics prior blend
22:22:26  INFO   CAT_PARAMS = {'loss_function': 'RMSE', 'learning_rate': 0.03, 'depth': 8, 'l2_leaf_reg': 3.0, 'random_seed': 42, 'verbose': False, 'thread_count': -1, 'allow_writing_files': False}
22:22:26  INFO   loading train.csv / test.csv
22:22:26  INFO   train raw: (7409, 3)   test raw: (4940, 3)
22:22:26  INFO   canonicalizing 10605 unique raw SMILES
22:22:30  INFO   collapsing 4 duplicate (canon, target_type) rows in train by mean
22:22:30  INFO   train after dedup: (7405, 4)
22:22:30  INFO   per-target train counts: {'tg': 4139, 'egc': 2028, 'egb': 337, 'eps': 229, 'nc': 229, 'ei': 222, 'eea': 221}
22:22:30  INFO   per-target test  counts: {'tg': 2763, 'egc': 1352, 'egb': 224, 'eps': 153, 'nc': 153, 'ei': 148, 'eea': 147}
22:22:30  INFO   unique canonical SMILES: 8990
22:22:30  INFO   generating 3-mer polymer SMILES...
22:22:43  INFO   chain extension: 8990/8990 SMILES extended (100.0%; rest kept as monomer)  time=13.3s
22:22:43  INFO   MONOMER features
22:25:03  INFO     desc_mono: (8990, 207)  dropped=10  time=140.5s
22:25:06  INFO     morgan2c_mono: (8990, 2048)  time=2.7s
22:25:09  INFO     morgan3c_mono: (8990, 2048)  time=2.9s
22:25:31  INFO     maccs_mono: (8990, 167)  time=22.4s
22:25:36  INFO     atompair_c_mono: (8990, 2048)  time=4.8s
22:25:40  INFO     toptorsion_c_mono: (8990, 2048)  time=4.0s
22:26:04  INFO     avalon_mono: (8990, 512)  time=23.8s
22:26:04  INFO   TRIMER features (from 3-mer SMILES)
22:37:49  INFO     desc_tri: (8990, 207)  dropped=10  time=705.0s
22:37:57  INFO     morgan2c_tri: (8990, 2048)  time=7.9s
22:38:35  INFO     maccs_tri: (8990, 167)  time=38.1s
22:39:13  INFO     atompair_c_tri: (8990, 2048)  time=38.4s
22:41:00  INFO     avalon_tri: (8990, 512)  time=107.0s
22:41:01  INFO   FEATURE MATRIX TOTAL: (8990, 14060)  size≈505.6MB
22:41:01  INFO   cached features to feature_cache.pkl
22:41:01  INFO   feature families: desc_mono=207, morgan2c_mono=2048, morgan3c_mono=2048, maccs_mono=167, atompair_c_mono=2048, toptorsion_c_mono=2048, avalon_mono=512, desc_tri=207, morgan2c_tri=2048, maccs_tri=167, atompair_c_tri=2048, avalon_tri=512
22:41:01  INFO   total SMILES features: 14060   (8990/8990 SMILES got chain-extended)
22:41:01  INFO   building aux lookup over 5920 unique canonical SMILES in train
22:41:02  INFO   aux lookup built.  aux features per row: 14
22:41:02  INFO   [eea] train rows=221   test rows=147   y range=[0.3936, 5.1438]   std=1.1047
22:41:02  INFO   [eea] X shape train=(221, 14074), test=(147, 14074)
22:45:27  INFO   [eea] fold 0: best_iter=3175   R²=0.8603   n_val=45
22:48:07  INFO   [eea] fold 1: best_iter=1841   R²=0.8908   n_val=44
22:51:55  INFO   [eea] fold 2: best_iter=2703   R²=0.8857   n_val=44
22:53:46  INFO   [eea] fold 3: best_iter=1200   R²=0.8504   n_val=44
22:55:39  INFO   [eea] fold 4: best_iter=1150   R²=0.7878   n_val=44
22:55:39  INFO   [eea] OOF R² (CAT only, pre-Maxwell) = 0.8612   (fold mean 0.8550)
22:55:39  INFO   [eea] refitting on full train for 2025 rounds
22:58:42  INFO   [eea] gain totals: mono=44 (44.0%)  tri=50 (50.0%)  aux=0 (0.0%)
22:58:42  INFO   [eea] top-5 families by gain: desc_tri=24.0%  atompair_c_tri=13.0%  desc_mono=12.0%  atompair_c_mono=12.0%  morgan2c_mono=7.0%
22:58:42  INFO   [egb] train rows=337   test rows=224   y range=[0.5068, 10.1137]   std=1.9757
22:58:42  INFO   [egb] X shape train=(337, 14074), test=(224, 14074)
23:00:09  INFO   [egb] fold 0: best_iter= 681   R²=0.9119   n_val=68
23:03:22  INFO   [egb] fold 1: best_iter=1782   R²=0.9400   n_val=68
23:05:36  INFO   [egb] fold 2: best_iter=1158   R²=0.9000   n_val=67
23:07:43  INFO   [egb] fold 3: best_iter=1116   R²=0.9192   n_val=67
23:11:10  INFO   [egb] fold 4: best_iter=1903   R²=0.8241   n_val=67
23:11:10  INFO   [egb] OOF R² (CAT only, pre-Maxwell) = 0.9029   (fold mean 0.8990)
23:11:10  INFO   [egb] refitting on full train for 1273 rounds
23:13:23  INFO   [egb] gain totals: mono=34 (34.0%)  tri=57 (57.0%)  aux=2 (2.0%)
23:13:23  INFO   [egb] top-5 families by gain: atompair_c_tri=24.0%  desc_tri=20.0%  desc_mono=15.0%  atompair_c_mono=9.0%  avalon_tri=9.0%
23:13:23  INFO   [egc] train rows=2028   test rows=1352   y range=[0.0205, 9.8627]   std=1.5678
23:13:23  INFO   [egc] X shape train=(2028, 14074), test=(1352, 14074)
23:23:12  INFO   [egc] fold 0: best_iter=2705   R²=0.9139   n_val=406
23:36:44  INFO   [egc] fold 1: best_iter=3999   R²=0.9183   n_val=406
23:49:26  INFO   [egc] fold 2: best_iter=3994   R²=0.8818   n_val=406
00:02:04  INFO   [egc] fold 3: best_iter=3817   R²=0.8923   n_val=405
00:14:44  INFO   [egc] fold 4: best_iter=3985   R²=0.9202   n_val=405
00:14:44  INFO   [egc] OOF R² (CAT only, pre-Maxwell) = 0.9052   (fold mean 0.9053)
00:14:44  INFO   [egc] refitting on full train for 4383 rounds
00:29:16  INFO   [egc] gain totals: mono=40 (40.4%)  tri=54 (54.5%)  aux=0 (0.0%)
00:29:16  INFO   [egc] top-5 families by gain: atompair_c_tri=20.2%  desc_mono=17.2%  desc_tri=15.2%  avalon_tri=10.1%  avalon_mono=8.1%
00:29:16  INFO   [ei] train rows=222   test rows=148   y range=[4.0261, 9.8385]   std=1.0447
00:29:16  INFO   [ei] X shape train=(222, 14074), test=(148, 14074)
00:34:18  INFO   [ei] fold 0: best_iter=3998   R²=0.7868   n_val=45
00:39:28  INFO   [ei] fold 1: best_iter=3966   R²=0.7980   n_val=45
00:40:52  INFO   [ei] fold 2: best_iter= 937   R²=0.8028   n_val=44
00:43:03  INFO   [ei] fold 3: best_iter=1574   R²=0.8124   n_val=44
00:44:34  INFO   [ei] fold 4: best_iter= 927   R²=0.7255   n_val=44
00:44:34  INFO   [ei] OOF R² (CAT only, pre-Maxwell) = 0.7914   (fold mean 0.7851)
00:44:34  INFO   [ei] refitting on full train for 1731 rounds
00:46:58  INFO   [ei] gain totals: mono=41 (41.4%)  tri=52 (52.5%)  aux=2 (2.0%)
00:46:58  INFO   [ei] top-5 families by gain: desc_tri=31.3%  desc_mono=24.2%  atompair_c_tri=11.1%  avalon_mono=8.1%  avalon_tri=6.1%
00:46:58  INFO   [eps] train rows=229   test rows=153   y range=[2.6100, 9.0900]   std=1.0916
00:46:58  INFO   [eps] X shape train=(229, 14074), test=(153, 14074)
00:49:29  INFO   [eps] fold 0: best_iter=1710   R²=0.8532   n_val=46
00:54:12  INFO   [eps] fold 1: best_iter=3428   R²=0.8605   n_val=46
00:56:39  INFO   [eps] fold 2: best_iter=1747   R²=0.7281   n_val=46
00:59:11  INFO   [eps] fold 3: best_iter=1783   R²=0.7589   n_val=46
01:02:51  INFO   [eps] fold 4: best_iter=2610   R²=0.7155   n_val=45
01:02:51  INFO   [eps] OOF R² (CAT only, pre-Maxwell) = 0.7777   (fold mean 0.7833)
01:02:51  INFO   [eps] refitting on full train for 1961 rounds
01:05:37  INFO   [eps] gain totals: mono=31 (31.0%)  tri=57 (57.0%)  aux=6 (6.0%)
01:05:37  INFO   [eps] top-5 families by gain: desc_tri=25.0%  atompair_c_tri=16.0%  desc_mono=13.0%  avalon_tri=9.0%  avalon_mono=5.0%
01:05:37  INFO   [nc] train rows=229   test rows=153   y range=[1.5596, 2.7581]   std=0.2349
01:05:37  INFO   [nc] X shape train=(229, 14074), test=(153, 14074)
01:10:57  INFO   [nc] fold 0: best_iter=3997   R²=0.9023   n_val=46
01:11:48  INFO   [nc] fold 1: best_iter= 462   R²=0.7387   n_val=46
01:15:07  INFO   [nc] fold 2: best_iter=2562   R²=0.8413   n_val=46
01:16:35  INFO   [nc] fold 3: best_iter= 909   R²=0.8302   n_val=46
01:17:28  INFO   [nc] fold 4: best_iter= 486   R²=0.7609   n_val=45
01:17:28  INFO   [nc] OOF R² (CAT only, pre-Maxwell) = 0.8091   (fold mean 0.8147)
01:17:28  INFO   [nc] refitting on full train for 999 rounds
01:18:51  INFO   [nc] gain totals: mono=31 (31.0%)  tri=56 (56.0%)  aux=5 (5.0%)
01:18:51  INFO   [nc] top-5 families by gain: atompair_c_tri=23.0%  desc_tri=21.0%  desc_mono=13.0%  avalon_tri=8.0%  atompair_c_mono=7.0%
01:18:52  INFO   [tg] train rows=4139   test rows=2763   y range=[-109.8200, 495.0000]   std=109.1038
01:18:52  INFO   [tg] X shape train=(4139, 14074), test=(2763, 14074)
01:36:21  INFO   [tg] fold 0: best_iter=3986   R²=0.9247   n_val=828
01:54:17  INFO   [tg] fold 1: best_iter=3995   R²=0.9085   n_val=828
02:11:58  INFO   [tg] fold 2: best_iter=3991   R²=0.9042   n_val=828
02:29:38  INFO   [tg] fold 3: best_iter=3931   R²=0.9070   n_val=828
02:47:24  INFO   [tg] fold 4: best_iter=3999   R²=0.8986   n_val=827
02:47:24  INFO   [tg] OOF R² (CAT only, pre-Maxwell) = 0.9087   (fold mean 0.9086)
02:47:24  INFO   [tg] refitting on full train for 4390 rounds
03:07:45  INFO   [tg] gain totals: mono=35 (35.0%)  tri=59 (59.0%)  aux=0 (0.0%)
03:07:45  INFO   [tg] top-5 families by gain: atompair_c_tri=26.0%  desc_tri=13.0%  desc_mono=12.0%  avalon_tri=9.0%  morgan2c_tri=7.0%
03:07:45  INFO   ============================================================
03:07:45  INFO   LGB-only per-target OOF R²  (before Maxwell)
03:07:45  INFO   ============================================================
03:07:45  INFO      eea   n=  221   R²=0.8612   gain: mono=44.0% tri=50.0% aux=0.0%
03:07:45  INFO      egb   n=  337   R²=0.9029   gain: mono=34.0% tri=57.0% aux=2.0%
03:07:45  INFO      egc   n= 2028   R²=0.9052   gain: mono=40.4% tri=54.5% aux=0.0%
03:07:45  INFO       ei   n=  222   R²=0.7914   gain: mono=41.4% tri=52.5% aux=2.0%
03:07:45  INFO      eps   n=  229   R²=0.7777   gain: mono=31.0% tri=57.0% aux=6.0%
03:07:45  INFO       nc   n=  229   R²=0.8091   gain: mono=31.0% tri=56.0% aux=5.0%
03:07:45  INFO       tg   n= 4139   R²=0.9087   gain: mono=35.0% tri=59.0% aux=0.0%
03:07:45  INFO     MEAN R² (LGB only) = 0.8509
03:07:45  INFO   ============================================================
03:07:45  INFO   MAXWELL RELATION POST-FIT (EPS ↔ Nc)
03:07:45  INFO   ============================================================
03:07:45  INFO   co-labeled train molecules: n=134
03:07:45  INFO   forward EPS = 1.0401·Nc² + 0.6155   R²=0.8553
03:07:45  INFO   reverse Nc² = 0.8223·EPS + 0.0398   R²(on Nc)=0.8368
03:07:45  INFO   eps blend: LGB R²=0.7777  pure-Maxwell R²=0.7945  best w=0.415  blend R²=0.8109   Δ=+0.0332
03:07:45  INFO   nc blend: LGB R²=0.8091  pure-Maxwell R²=0.7932  best w=0.550  blend R²=0.8431   Δ=+0.0340
03:07:45  INFO   wrote /Users/dhruval/Documents/polymer-property-prediction-2/results/exp_chain_ext_catboost/oof.csv  rows=7405
03:07:45  INFO   wrote /Users/dhruval/Documents/polymer-property-prediction-2/results/exp_chain_ext_catboost/submission.csv  rows=4940
03:07:45  INFO   wrote /Users/dhruval/Documents/polymer-property-prediction-2/results/exp_chain_ext_catboost/cv_summary.json
03:07:45  INFO   ============================================================
03:07:45  INFO   FINAL PER-TARGET OOF R²  (CatBoost + chain-ext + Maxwell)  vs chain-ext v1 LGB reference
03:07:45  INFO   ============================================================
03:07:45  INFO     target   CAT-chain      LGB v1     delta    tri gain
03:07:45  INFO        eea      0.8612      0.8734   -0.0122       50.0%
03:07:45  INFO        egb      0.9029      0.9087   -0.0058       57.0%
03:07:45  INFO        egc      0.9052      0.9023   +0.0029       54.5%
03:07:45  INFO         ei      0.7914      0.8041   -0.0127       52.5%
03:07:45  INFO        eps      0.8109      0.8218   -0.0109       57.0%
03:07:45  INFO         nc      0.8431      0.8471   -0.0040       56.0%
03:07:45  INFO         tg      0.9087      0.9063   +0.0024       59.0%
03:07:45  INFO       MEAN      0.8605      0.8662   -0.0058
03:07:45  INFO     (chain-ext v1 LGB LB reference: 0.894)
03:07:45  INFO   wall time: 285.3min
