14:11:04  INFO   logging to /Users/dhruval/Documents/polymer-property-prediction-2/results/exp_bandgap_koopmans_postfit/run.log
14:11:04  INFO   === exp_bandgap_koopmans_postfit ===
14:11:04  INFO   CONFIG: alpha_grid=[0.500..1.000], n=21
14:11:04  INFO   Physics targets: ('egc', 'ei', 'eea')
14:11:04  INFO   Modifying: /Users/dhruval/Documents/polymer-property-prediction-2/results/exp_blend_nnls_3seed/submission.csv
14:11:04  INFO   ============================================================
14:11:04  INFO   LOAD CHEMPROP OOF MATRIX
14:11:04  INFO   ============================================================
14:11:04  INFO   loading train.csv and rebuilding wide train...
14:11:07  INFO     n_canon=5920   y shape=(5920, 7)   NaN frac=82.1%
14:11:07  INFO     loaded fold 0: (1184, 7)  (val n=1184)
14:11:07  INFO     loaded fold 1: (1184, 7)  (val n=1184)
14:11:07  INFO     loaded fold 2: (1184, 7)  (val n=1184)
14:11:07  INFO     loaded fold 3: (1184, 7)  (val n=1184)
14:11:07  INFO     loaded fold 4: (1184, 7)  (val n=1184)
14:11:07  INFO     Chemprop OOF matrix: (5920, 7)   0 canons with no predictions (should be 0)
14:11:07  INFO   ============================================================
14:11:07  INFO   ALPHA TUNING (per target, on Chemprop OOF)
14:11:07  INFO   ============================================================
14:11:07  INFO   [egc] physics: own=egc  from (ei, eea)   n_labeled=2028  n_valid=2028
14:11:07  INFO   [egc] baseline (α=1.0) R²=0.9070   pure-physics (α=0.0) R²=0.8609   best α=0.900   blend R²=0.9077   Δ=+0.0007
14:11:07  INFO   [ei] physics: own=ei  from (egc, eea)   n_labeled=222  n_valid=222
14:11:07  INFO   [ei] baseline (α=1.0) R²=0.7766   pure-physics (α=0.0) R²=0.7868   best α=0.500   blend R²=0.7959   Δ=+0.0193
14:11:07  INFO   [eea] physics: own=eea  from (ei, egc)   n_labeled=221  n_valid=221
14:11:07  INFO   [eea] baseline (α=1.0) R²=0.9082   pure-physics (α=0.0) R²=0.8980   best α=0.600   blend R²=0.9160   Δ=+0.0078
14:11:07  INFO   ============================================================
14:11:07  INFO   ALPHA SUMMARY (per target)
14:11:07  INFO   ============================================================
14:11:07  INFO     target   baseline R²    best α    blend R²      Δ R²
14:11:07  INFO        egc        0.9070     0.900      0.9077   +0.0007
14:11:07  INFO         ei        0.7766     0.500      0.7959   +0.0193
14:11:07  INFO        eea        0.9082     0.600      0.9160   +0.0078
14:11:07  INFO     Sum ΔR² across 3 targets: +0.0278
14:11:07  INFO     Mean ΔR² across 3 targets: +0.0093
14:11:07  INFO     Expected mean(R²) uplift on 7-target mean: +0.0040
14:11:07  INFO   ============================================================
14:11:07  INFO   APPLY TO CURRENT BEST BLEND SUBMISSION
14:11:07  INFO   ============================================================
14:11:07  INFO   loading Chemprop refit test predictions...
14:11:09  INFO     Chemprop test predictions: (4133, 7)   n_test_canons=4133
14:11:09  INFO   loading current best submission: /Users/dhruval/Documents/polymer-property-prediction-2/results/exp_blend_nnls_3seed/submission.csv
14:11:09  INFO     original submission: (4940, 2)  target range=[-104.35, 418.36]
14:11:11  INFO   [egc] applying α=0.900  n_rows=1352
14:11:11  INFO   [egc] mean |Δ|=0.0260   max |Δ|=0.2329
14:11:11  INFO   [ei] applying α=0.500  n_rows=148
14:11:11  INFO   [ei] mean |Δ|=0.0896   max |Δ|=0.4862
14:11:11  INFO   [eea] applying α=0.600  n_rows=147
14:11:11  INFO   [eea] mean |Δ|=0.0683   max |Δ|=0.4293
14:11:11  INFO   total rows modified: 1647
14:11:11  INFO   wrote /Users/dhruval/Documents/polymer-property-prediction-2/results/exp_bandgap_koopmans_postfit/submission.csv   rows=4940
14:11:11  INFO   wrote /Users/dhruval/Documents/polymer-property-prediction-2/results/exp_bandgap_koopmans_postfit/koopmans_summary.json
14:11:11  INFO   ============================================================
14:11:11  INFO   DECISION GUIDANCE
14:11:11  INFO   ============================================================
14:11:11  INFO   Current blend LB (before Koopmans): 0.897
14:11:11  INFO   Expected LB uplift: mean ΔR² / 7 = +0.0040
14:11:11  INFO     Best case (Koopmans holds well):   +0.003-0.005 → LB 0.900-0.902
14:11:11  INFO     Middle case (partial fit):         +0.001-0.003 → LB 0.898-0.900
14:11:11  INFO     Worst case (α → 1.0 on all):       0            → LB 0.897 (unchanged)
14:11:11  INFO   wall time: 6.6s
