21:43:47  INFO   logging to /Users/dhruval/Documents/polymer-property-prediction-2/results/exp_chemprop_multitask_cpu/run.log
21:43:47  INFO   ============================================================
21:43:47  INFO   === exp_chemprop_multitask_cpu ===
21:43:47  INFO   CONFIG: device=cpu  n_splits=5  seed=42  max_epochs=40  patience=8  batch_size=64
21:43:47  INFO   MODEL: d_h=300 depth=4 mp_dropout=0.05  ffn_hidden=300 ffn_layers=2 ffn_dropout=0.05  batch_norm=True
21:43:47  INFO   torch threads: 8
21:43:47  INFO   loading train.csv / test.csv
21:43:47  INFO   train raw: (7409, 3)   test raw: (4940, 3)
21:43:47  INFO   canonicalizing 10605 unique raw SMILES
21:43:50  INFO   collapsing 4 duplicate (canon, target_type) rows in train by mean
21:43:50  INFO   train after dedup: (7405, 4)
21:43:50  INFO   per-target train counts: {'tg': 4139, 'egc': 2028, 'egb': 337, 'eps': 229, 'nc': 229, 'ei': 222, 'eea': 221}
21:43:50  INFO   per-target test  counts: {'tg': 2763, 'egc': 1352, 'egb': 224, 'eps': 153, 'nc': 153, 'ei': 148, 'eea': 147}
21:43:50  INFO   wide train: n_canon=5920  y shape=(5920, 7)  NaN fraction=82.1%
21:43:50  INFO   per-target labeled counts: eea=221  egb=337  egc=2028  ei=222  eps=229  nc=229  tg=4139
21:43:50  INFO   unique test SMILES to predict: 4133
21:43:50  INFO   ============================================================
21:43:50  INFO   FOLD 0 of 5
21:43:50  INFO   ============================================================
21:43:50  INFO   [fold 0] starting.  n_train_canon=4736  n_val_canon=1184
21:43:52  INFO       train_pts=4736  val_pts=1184
21:43:52  INFO       target scaler fit on train fold (per-target mean/std)
21:43:52  INFO   [fold 0] model built.  n_params=411,007
21:44:11  INFO   [fold 0] epoch   0  train_loss=0.3530  val_loss=0.3343  epoch_time=18.0s  elapsed=0.3min
21:44:28  INFO   [fold 0] epoch   1  train_loss=0.2563  val_loss=0.3068  epoch_time=16.6s  elapsed=0.6min
21:44:43  INFO   [fold 0] epoch   2  train_loss=0.2376  val_loss=0.2185  epoch_time=15.5s  elapsed=0.8min
21:45:00  INFO   [fold 0] epoch   3  train_loss=0.2140  val_loss=0.2267  epoch_time=16.5s  elapsed=1.1min
21:45:18  INFO   [fold 0] epoch   4  train_loss=0.1839  val_loss=0.1692  epoch_time=18.0s  elapsed=1.4min
21:45:32  INFO   [fold 0] epoch   5  train_loss=0.1822  val_loss=0.1676  epoch_time=14.5s  elapsed=1.7min
21:45:48  INFO   [fold 0] epoch   6  train_loss=0.1666  val_loss=0.2634  epoch_time=15.6s  elapsed=1.9min
21:46:01  INFO   [fold 0] epoch   7  train_loss=0.1519  val_loss=0.1701  epoch_time=13.1s  elapsed=2.1min
21:46:14  INFO   [fold 0] epoch   8  train_loss=0.1400  val_loss=0.1418  epoch_time=13.1s  elapsed=2.3min
21:46:27  INFO   [fold 0] epoch   9  train_loss=0.1310  val_loss=0.1438  epoch_time=12.8s  elapsed=2.6min
21:46:40  INFO   [fold 0] epoch  10  train_loss=0.1286  val_loss=0.1332  epoch_time=12.9s  elapsed=2.8min
21:46:53  INFO   [fold 0] epoch  11  train_loss=0.1171  val_loss=0.1367  epoch_time=13.3s  elapsed=3.0min
21:47:07  INFO   [fold 0] epoch  12  train_loss=0.1086  val_loss=0.1217  epoch_time=13.3s  elapsed=3.2min
21:47:19  INFO   [fold 0] epoch  13  train_loss=0.1062  val_loss=0.1385  epoch_time=12.8s  elapsed=3.4min
21:47:32  INFO   [fold 0] epoch  14  train_loss=0.1024  val_loss=0.1261  epoch_time=13.1s  elapsed=3.7min
21:47:45  INFO   [fold 0] epoch  15  train_loss=0.1023  val_loss=0.1181  epoch_time=13.0s  elapsed=3.9min
21:47:58  INFO   [fold 0] epoch  16  train_loss=0.0895  val_loss=0.1275  epoch_time=12.9s  elapsed=4.1min
21:48:11  INFO   [fold 0] epoch  17  train_loss=0.0889  val_loss=0.1303  epoch_time=13.1s  elapsed=4.3min
21:48:24  INFO   [fold 0] epoch  18  train_loss=0.0913  val_loss=0.1215  epoch_time=13.0s  elapsed=4.5min
21:48:38  INFO   [fold 0] epoch  19  train_loss=0.0854  val_loss=0.1122  epoch_time=13.3s  elapsed=4.7min
21:48:52  INFO   [fold 0] epoch  20  train_loss=0.0826  val_loss=0.1171  epoch_time=14.7s  elapsed=5.0min
21:49:06  INFO   [fold 0] epoch  21  train_loss=0.0738  val_loss=0.1082  epoch_time=13.5s  elapsed=5.2min
21:49:19  INFO   [fold 0] epoch  22  train_loss=0.0731  val_loss=0.1161  epoch_time=13.0s  elapsed=5.4min
21:49:32  INFO   [fold 0] epoch  23  train_loss=0.0734  val_loss=0.1079  epoch_time=13.2s  elapsed=5.6min
21:49:45  INFO   [fold 0] epoch  24  train_loss=0.0697  val_loss=0.1198  epoch_time=12.9s  elapsed=5.9min
21:49:58  INFO   [fold 0] epoch  25  train_loss=0.0666  val_loss=0.1083  epoch_time=12.9s  elapsed=6.1min
21:50:11  INFO   [fold 0] epoch  26  train_loss=0.0640  val_loss=0.1075  epoch_time=12.8s  elapsed=6.3min
21:50:24  INFO   [fold 0] epoch  27  train_loss=0.0657  val_loss=0.1099  epoch_time=13.1s  elapsed=6.5min
21:50:37  INFO   [fold 0] epoch  28  train_loss=0.0624  val_loss=0.1098  epoch_time=12.9s  elapsed=6.7min
21:50:50  INFO   [fold 0] epoch  29  train_loss=0.0591  val_loss=0.1072  epoch_time=12.9s  elapsed=6.9min
21:51:03  INFO   [fold 0] epoch  30  train_loss=0.0559  val_loss=0.1127  epoch_time=13.1s  elapsed=7.2min
21:51:16  INFO   [fold 0] epoch  31  train_loss=0.0598  val_loss=0.1072  epoch_time=13.1s  elapsed=7.4min
21:51:29  INFO   [fold 0] epoch  32  train_loss=0.0549  val_loss=0.1087  epoch_time=13.0s  elapsed=7.6min
21:51:43  INFO   [fold 0] epoch  33  train_loss=0.0561  val_loss=0.1092  epoch_time=14.0s  elapsed=7.8min
21:51:56  INFO   [fold 0] epoch  34  train_loss=0.0523  val_loss=0.1049  epoch_time=13.4s  elapsed=8.0min
21:52:09  INFO   [fold 0] epoch  35  train_loss=0.0492  val_loss=0.1059  epoch_time=13.0s  elapsed=8.3min
21:52:23  INFO   [fold 0] epoch  36  train_loss=0.0496  val_loss=0.1080  epoch_time=13.7s  elapsed=8.5min
21:52:36  INFO   [fold 0] epoch  37  train_loss=0.0507  val_loss=0.1047  epoch_time=13.5s  elapsed=8.7min
21:52:49  INFO   [fold 0] epoch  38  train_loss=0.0471  val_loss=0.1035  epoch_time=13.0s  elapsed=8.9min
21:53:03  INFO   [fold 0] epoch  39  train_loss=0.0470  val_loss=0.1057  epoch_time=13.2s  elapsed=9.2min
21:53:03  INFO   [fold 0] training done.  time=9.2min  final_epoch=40  approx_best_epoch=40
21:53:03  INFO   [fold 0] predicting val OOF...
21:53:04  INFO   [fold 0] val_preds shape=(1184, 7)
21:53:04  INFO   [fold 0] per-target val R²: eea=0.8793  egb=0.9268  egc=0.8841  ei=0.8067  eps=0.8061  nc=0.8540  tg=0.9121
21:53:04  INFO   [fold 0] wrote checkpoint checkpoint_fold_0.pkl.gz
21:53:04  INFO   ============================================================
21:53:04  INFO   FOLD 1 of 5
21:53:04  INFO   ============================================================
21:53:04  INFO   [fold 1] starting.  n_train_canon=4736  n_val_canon=1184
21:53:06  INFO       train_pts=4736  val_pts=1184
21:53:06  INFO       target scaler fit on train fold (per-target mean/std)
21:53:06  INFO   [fold 1] model built.  n_params=411,007
21:53:19  INFO   [fold 1] epoch   0  train_loss=0.3403  val_loss=0.4391  epoch_time=13.2s  elapsed=0.2min
21:53:32  INFO   [fold 1] epoch   1  train_loss=0.2442  val_loss=0.2858  epoch_time=13.5s  elapsed=0.4min
21:53:46  INFO   [fold 1] epoch   2  train_loss=0.2114  val_loss=0.4493  epoch_time=13.4s  elapsed=0.7min
21:54:00  INFO   [fold 1] epoch   3  train_loss=0.1992  val_loss=0.2190  epoch_time=14.1s  elapsed=0.9min
21:54:14  INFO   [fold 1] epoch   4  train_loss=0.1767  val_loss=0.2434  epoch_time=14.2s  elapsed=1.1min
21:54:30  INFO   [fold 1] epoch   5  train_loss=0.1571  val_loss=0.1953  epoch_time=15.6s  elapsed=1.4min
21:54:51  INFO   [fold 1] epoch   6  train_loss=0.1489  val_loss=0.1883  epoch_time=21.8s  elapsed=1.8min
21:55:08  INFO   [fold 1] epoch   7  train_loss=0.1423  val_loss=0.2411  epoch_time=16.2s  elapsed=2.0min
21:55:23  INFO   [fold 1] epoch   8  train_loss=0.1307  val_loss=0.1788  epoch_time=14.9s  elapsed=2.3min
21:55:38  INFO   [fold 1] epoch   9  train_loss=0.1208  val_loss=0.1633  epoch_time=15.1s  elapsed=2.5min
21:55:51  INFO   [fold 1] epoch  10  train_loss=0.1235  val_loss=0.1702  epoch_time=13.4s  elapsed=2.8min
21:56:04  INFO   [fold 1] epoch  11  train_loss=0.1100  val_loss=0.1555  epoch_time=13.1s  elapsed=3.0min
21:56:18  INFO   [fold 1] epoch  12  train_loss=0.1014  val_loss=0.1952  epoch_time=13.3s  elapsed=3.2min
21:56:31  INFO   [fold 1] epoch  13  train_loss=0.1051  val_loss=0.1549  epoch_time=13.4s  elapsed=3.4min
21:56:44  INFO   [fold 1] epoch  14  train_loss=0.0990  val_loss=0.1436  epoch_time=13.3s  elapsed=3.6min
21:56:58  INFO   [fold 1] epoch  15  train_loss=0.0886  val_loss=0.1391  epoch_time=14.2s  elapsed=3.9min
21:57:12  INFO   [fold 1] epoch  16  train_loss=0.0871  val_loss=0.1458  epoch_time=13.6s  elapsed=4.1min
21:57:25  INFO   [fold 1] epoch  17  train_loss=0.0839  val_loss=0.1366  epoch_time=13.5s  elapsed=4.3min
21:57:39  INFO   [fold 1] epoch  18  train_loss=0.0832  val_loss=0.1430  epoch_time=13.8s  elapsed=4.6min
21:57:53  INFO   [fold 1] epoch  19  train_loss=0.0829  val_loss=0.1316  epoch_time=13.8s  elapsed=4.8min
21:58:07  INFO   [fold 1] epoch  20  train_loss=0.0708  val_loss=0.1345  epoch_time=13.7s  elapsed=5.0min
21:58:20  INFO   [fold 1] epoch  21  train_loss=0.0685  val_loss=0.1329  epoch_time=13.6s  elapsed=5.2min
21:58:34  INFO   [fold 1] epoch  22  train_loss=0.0675  val_loss=0.1345  epoch_time=13.2s  elapsed=5.5min
21:58:47  INFO   [fold 1] epoch  23  train_loss=0.0695  val_loss=0.1264  epoch_time=13.3s  elapsed=5.7min
21:59:00  INFO   [fold 1] epoch  24  train_loss=0.0646  val_loss=0.1280  epoch_time=13.6s  elapsed=5.9min
21:59:14  INFO   [fold 1] epoch  25  train_loss=0.0596  val_loss=0.1262  epoch_time=13.3s  elapsed=6.1min
21:59:27  INFO   [fold 1] epoch  26  train_loss=0.0590  val_loss=0.1315  epoch_time=13.3s  elapsed=6.4min
21:59:40  INFO   [fold 1] epoch  27  train_loss=0.0574  val_loss=0.1296  epoch_time=13.2s  elapsed=6.6min
21:59:54  INFO   [fold 1] epoch  28  train_loss=0.0547  val_loss=0.1259  epoch_time=13.5s  elapsed=6.8min
22:00:08  INFO   [fold 1] epoch  29  train_loss=0.0556  val_loss=0.1299  epoch_time=14.2s  elapsed=7.0min
22:00:22  INFO   [fold 1] epoch  30  train_loss=0.0564  val_loss=0.1248  epoch_time=14.3s  elapsed=7.3min
22:00:36  INFO   [fold 1] epoch  31  train_loss=0.0548  val_loss=0.1244  epoch_time=13.8s  elapsed=7.5min
22:00:49  INFO   [fold 1] epoch  32  train_loss=0.0529  val_loss=0.1223  epoch_time=13.0s  elapsed=7.7min
22:01:03  INFO   [fold 1] epoch  33  train_loss=0.0500  val_loss=0.1250  epoch_time=13.4s  elapsed=7.9min
22:01:16  INFO   [fold 1] epoch  34  train_loss=0.0469  val_loss=0.1208  epoch_time=13.8s  elapsed=8.2min
22:01:30  INFO   [fold 1] epoch  35  train_loss=0.0490  val_loss=0.1236  epoch_time=13.3s  elapsed=8.4min
22:01:43  INFO   [fold 1] epoch  36  train_loss=0.0468  val_loss=0.1224  epoch_time=13.1s  elapsed=8.6min
22:01:56  INFO   [fold 1] epoch  37  train_loss=0.0459  val_loss=0.1215  epoch_time=13.6s  elapsed=8.8min
22:02:10  INFO   [fold 1] epoch  38  train_loss=0.0482  val_loss=0.1224  epoch_time=13.3s  elapsed=9.1min
22:02:24  INFO   [fold 1] epoch  39  train_loss=0.0465  val_loss=0.1221  epoch_time=14.0s  elapsed=9.3min
22:02:24  INFO   [fold 1] training done.  time=9.3min  final_epoch=40  approx_best_epoch=40
22:02:24  INFO   [fold 1] predicting val OOF...
22:02:25  INFO   [fold 1] val_preds shape=(1184, 7)
22:02:25  INFO   [fold 1] per-target val R²: eea=0.8894  egb=0.9364  egc=0.9164  ei=0.7565  eps=0.7650  nc=0.8878  tg=0.8856
22:02:25  INFO   [fold 1] wrote checkpoint checkpoint_fold_1.pkl.gz
22:02:25  INFO   ============================================================
22:02:25  INFO   FOLD 2 of 5
22:02:25  INFO   ============================================================
22:02:25  INFO   [fold 2] starting.  n_train_canon=4736  n_val_canon=1184
22:02:27  INFO       train_pts=4736  val_pts=1184
22:02:27  INFO       target scaler fit on train fold (per-target mean/std)
22:02:27  INFO   [fold 2] model built.  n_params=411,007
22:02:40  INFO   [fold 2] epoch   0  train_loss=0.3514  val_loss=0.2655  epoch_time=12.9s  elapsed=0.2min
22:02:53  INFO   [fold 2] epoch   1  train_loss=0.2586  val_loss=0.2625  epoch_time=13.3s  elapsed=0.4min
22:03:06  INFO   [fold 2] epoch   2  train_loss=0.2249  val_loss=0.2371  epoch_time=13.4s  elapsed=0.7min
22:03:20  INFO   [fold 2] epoch   3  train_loss=0.1922  val_loss=0.2493  epoch_time=13.1s  elapsed=0.9min
22:03:33  INFO   [fold 2] epoch   4  train_loss=0.1750  val_loss=0.3725  epoch_time=13.4s  elapsed=1.1min
22:03:46  INFO   [fold 2] epoch   5  train_loss=0.1627  val_loss=0.1914  epoch_time=13.2s  elapsed=1.3min
22:03:59  INFO   [fold 2] epoch   6  train_loss=0.1545  val_loss=0.2038  epoch_time=13.3s  elapsed=1.5min
22:04:13  INFO   [fold 2] epoch   7  train_loss=0.1444  val_loss=0.1643  epoch_time=13.3s  elapsed=1.8min
22:04:26  INFO   [fold 2] epoch   8  train_loss=0.1345  val_loss=0.1605  epoch_time=13.2s  elapsed=2.0min
22:04:40  INFO   [fold 2] epoch   9  train_loss=0.1196  val_loss=0.1564  epoch_time=13.8s  elapsed=2.2min
22:04:54  INFO   [fold 2] epoch  10  train_loss=0.1159  val_loss=0.1346  epoch_time=14.1s  elapsed=2.5min
22:05:08  INFO   [fold 2] epoch  11  train_loss=0.1167  val_loss=0.1478  epoch_time=14.2s  elapsed=2.7min
22:05:22  INFO   [fold 2] epoch  12  train_loss=0.1120  val_loss=0.1404  epoch_time=14.2s  elapsed=2.9min
22:05:37  INFO   [fold 2] epoch  13  train_loss=0.1067  val_loss=0.1471  epoch_time=14.5s  elapsed=3.2min
22:05:51  INFO   [fold 2] epoch  14  train_loss=0.1034  val_loss=0.1318  epoch_time=13.9s  elapsed=3.4min
22:06:04  INFO   [fold 2] epoch  15  train_loss=0.0953  val_loss=0.1528  epoch_time=13.4s  elapsed=3.6min
22:06:17  INFO   [fold 2] epoch  16  train_loss=0.0886  val_loss=0.1533  epoch_time=13.2s  elapsed=3.8min
22:06:30  INFO   [fold 2] epoch  17  train_loss=0.0913  val_loss=0.1416  epoch_time=13.1s  elapsed=4.1min
22:06:44  INFO   [fold 2] epoch  18  train_loss=0.0876  val_loss=0.1388  epoch_time=13.3s  elapsed=4.3min
22:06:57  INFO   [fold 2] epoch  19  train_loss=0.0786  val_loss=0.1461  epoch_time=13.4s  elapsed=4.5min
22:07:11  INFO   [fold 2] epoch  20  train_loss=0.0771  val_loss=0.1352  epoch_time=13.5s  elapsed=4.7min
22:07:24  INFO   [fold 2] epoch  21  train_loss=0.0721  val_loss=0.1503  epoch_time=13.7s  elapsed=5.0min
22:07:38  INFO   [fold 2] epoch  22  train_loss=0.0732  val_loss=0.1481  epoch_time=13.7s  elapsed=5.2min
22:07:38  INFO   [fold 2] training done.  time=5.2min  final_epoch=23  approx_best_epoch=15
22:07:38  INFO   [fold 2] predicting val OOF...
22:07:39  INFO   [fold 2] val_preds shape=(1184, 7)
22:07:39  INFO   [fold 2] per-target val R²: eea=0.8701  egb=0.9271  egc=0.7971  ei=0.8417  eps=0.7933  nc=0.8330  tg=0.8734
22:07:39  INFO   [fold 2] wrote checkpoint checkpoint_fold_2.pkl.gz
22:07:39  INFO   ============================================================
22:07:39  INFO   FOLD 3 of 5
22:07:39  INFO   ============================================================
22:07:39  INFO   [fold 3] starting.  n_train_canon=4736  n_val_canon=1184
22:07:41  INFO       train_pts=4736  val_pts=1184
22:07:41  INFO       target scaler fit on train fold (per-target mean/std)
22:07:41  INFO   [fold 3] model built.  n_params=411,007
22:07:54  INFO   [fold 3] epoch   0  train_loss=0.3425  val_loss=0.3023  epoch_time=12.8s  elapsed=0.2min
22:08:08  INFO   [fold 3] epoch   1  train_loss=0.2502  val_loss=0.2096  epoch_time=14.0s  elapsed=0.4min
22:08:21  INFO   [fold 3] epoch   2  train_loss=0.2112  val_loss=0.2196  epoch_time=13.0s  elapsed=0.7min
22:08:34  INFO   [fold 3] epoch   3  train_loss=0.1903  val_loss=0.2418  epoch_time=13.1s  elapsed=0.9min
22:08:47  INFO   [fold 3] epoch   4  train_loss=0.1804  val_loss=0.1623  epoch_time=13.4s  elapsed=1.1min
22:09:01  INFO   [fold 3] epoch   5  train_loss=0.1648  val_loss=0.1633  epoch_time=13.4s  elapsed=1.3min
22:09:14  INFO   [fold 3] epoch   6  train_loss=0.1494  val_loss=0.1597  epoch_time=13.0s  elapsed=1.5min
22:09:27  INFO   [fold 3] epoch   7  train_loss=0.1465  val_loss=0.1718  epoch_time=13.2s  elapsed=1.8min
22:09:40  INFO   [fold 3] epoch   8  train_loss=0.1388  val_loss=0.1377  epoch_time=13.2s  elapsed=2.0min
22:09:53  INFO   [fold 3] epoch   9  train_loss=0.1305  val_loss=0.1241  epoch_time=13.2s  elapsed=2.2min
22:10:06  INFO   [fold 3] epoch  10  train_loss=0.1189  val_loss=0.1307  epoch_time=13.2s  elapsed=2.4min
22:10:21  INFO   [fold 3] epoch  11  train_loss=0.1189  val_loss=0.1395  epoch_time=14.2s  elapsed=2.7min
22:10:34  INFO   [fold 3] epoch  12  train_loss=0.1082  val_loss=0.1233  epoch_time=13.9s  elapsed=2.9min
22:10:48  INFO   [fold 3] epoch  13  train_loss=0.1003  val_loss=0.1194  epoch_time=13.2s  elapsed=3.1min
22:11:01  INFO   [fold 3] epoch  14  train_loss=0.0971  val_loss=0.1190  epoch_time=13.1s  elapsed=3.3min
22:11:14  INFO   [fold 3] epoch  15  train_loss=0.0904  val_loss=0.1160  epoch_time=13.4s  elapsed=3.6min
22:11:27  INFO   [fold 3] epoch  16  train_loss=0.0896  val_loss=0.1169  epoch_time=12.9s  elapsed=3.8min
22:11:41  INFO   [fold 3] epoch  17  train_loss=0.0823  val_loss=0.1031  epoch_time=13.5s  elapsed=4.0min
22:11:54  INFO   [fold 3] epoch  18  train_loss=0.0755  val_loss=0.1104  epoch_time=13.1s  elapsed=4.2min
22:12:07  INFO   [fold 3] epoch  19  train_loss=0.0743  val_loss=0.1060  epoch_time=13.6s  elapsed=4.4min
22:12:20  INFO   [fold 3] epoch  20  train_loss=0.0727  val_loss=0.1134  epoch_time=13.2s  elapsed=4.7min
22:12:34  INFO   [fold 3] epoch  21  train_loss=0.0705  val_loss=0.1021  epoch_time=13.5s  elapsed=4.9min
22:12:48  INFO   [fold 3] epoch  22  train_loss=0.0718  val_loss=0.1206  epoch_time=13.9s  elapsed=5.1min
22:13:01  INFO   [fold 3] epoch  23  train_loss=0.0654  val_loss=0.1087  epoch_time=13.2s  elapsed=5.3min
22:13:14  INFO   [fold 3] epoch  24  train_loss=0.0676  val_loss=0.1054  epoch_time=13.2s  elapsed=5.6min
22:13:27  INFO   [fold 3] epoch  25  train_loss=0.0600  val_loss=0.0974  epoch_time=13.1s  elapsed=5.8min
22:13:41  INFO   [fold 3] epoch  26  train_loss=0.0596  val_loss=0.0976  epoch_time=14.0s  elapsed=6.0min
22:13:55  INFO   [fold 3] epoch  27  train_loss=0.0596  val_loss=0.1018  epoch_time=13.5s  elapsed=6.2min
22:14:09  INFO   [fold 3] epoch  28  train_loss=0.0541  val_loss=0.1014  epoch_time=14.0s  elapsed=6.5min
22:14:22  INFO   [fold 3] epoch  29  train_loss=0.0543  val_loss=0.0983  epoch_time=13.0s  elapsed=6.7min
22:14:35  INFO   [fold 3] epoch  30  train_loss=0.0523  val_loss=0.1011  epoch_time=13.0s  elapsed=6.9min
22:14:49  INFO   [fold 3] epoch  31  train_loss=0.0519  val_loss=0.0986  epoch_time=13.9s  elapsed=7.1min
22:15:03  INFO   [fold 3] epoch  32  train_loss=0.0504  val_loss=0.0993  epoch_time=13.9s  elapsed=7.4min
22:15:16  INFO   [fold 3] epoch  33  train_loss=0.0510  val_loss=0.1008  epoch_time=13.2s  elapsed=7.6min
22:15:16  INFO   [fold 3] training done.  time=7.6min  final_epoch=34  approx_best_epoch=26
22:15:16  INFO   [fold 3] predicting val OOF...
22:15:17  INFO   [fold 3] val_preds shape=(1184, 7)
22:15:17  INFO   [fold 3] per-target val R²: eea=0.8758  egb=0.9354  egc=0.9157  ei=0.8117  eps=0.7234  nc=0.8568  tg=0.8890
22:15:17  INFO   [fold 3] wrote checkpoint checkpoint_fold_3.pkl.gz
22:15:17  INFO   ============================================================
22:15:17  INFO   FOLD 4 of 5
22:15:17  INFO   ============================================================
22:15:17  INFO   [fold 4] starting.  n_train_canon=4736  n_val_canon=1184
22:15:19  INFO       train_pts=4736  val_pts=1184
22:15:19  INFO       target scaler fit on train fold (per-target mean/std)
22:15:19  INFO   [fold 4] model built.  n_params=411,007
22:15:32  INFO   [fold 4] epoch   0  train_loss=0.3699  val_loss=0.3679  epoch_time=13.1s  elapsed=0.2min
22:15:45  INFO   [fold 4] epoch   1  train_loss=0.2635  val_loss=0.4686  epoch_time=13.2s  elapsed=0.4min
22:15:58  INFO   [fold 4] epoch   2  train_loss=0.2260  val_loss=0.2330  epoch_time=12.9s  elapsed=0.7min
22:16:11  INFO   [fold 4] epoch   3  train_loss=0.2032  val_loss=0.2179  epoch_time=13.0s  elapsed=0.9min
22:16:24  INFO   [fold 4] epoch   4  train_loss=0.1896  val_loss=0.2492  epoch_time=13.1s  elapsed=1.1min
22:16:37  INFO   [fold 4] epoch   5  train_loss=0.1644  val_loss=0.1825  epoch_time=13.0s  elapsed=1.3min
22:16:51  INFO   [fold 4] epoch   6  train_loss=0.1567  val_loss=0.1866  epoch_time=13.6s  elapsed=1.5min
22:17:04  INFO   [fold 4] epoch   7  train_loss=0.1455  val_loss=0.1673  epoch_time=13.2s  elapsed=1.8min
22:17:18  INFO   [fold 4] epoch   8  train_loss=0.1394  val_loss=0.1410  epoch_time=14.0s  elapsed=2.0min
22:17:31  INFO   [fold 4] epoch   9  train_loss=0.1352  val_loss=0.1453  epoch_time=13.2s  elapsed=2.2min
22:17:44  INFO   [fold 4] epoch  10  train_loss=0.1286  val_loss=0.1808  epoch_time=13.2s  elapsed=2.4min
22:17:57  INFO   [fold 4] epoch  11  train_loss=0.1243  val_loss=0.1366  epoch_time=12.8s  elapsed=2.6min
22:18:10  INFO   [fold 4] epoch  12  train_loss=0.1091  val_loss=0.1283  epoch_time=13.1s  elapsed=2.9min
22:18:24  INFO   [fold 4] epoch  13  train_loss=0.1064  val_loss=0.1248  epoch_time=13.2s  elapsed=3.1min
22:18:37  INFO   [fold 4] epoch  14  train_loss=0.1031  val_loss=0.1340  epoch_time=13.3s  elapsed=3.3min
22:18:52  INFO   [fold 4] epoch  15  train_loss=0.0915  val_loss=0.1293  epoch_time=14.8s  elapsed=3.5min
22:19:07  INFO   [fold 4] epoch  16  train_loss=0.0899  val_loss=0.1221  epoch_time=15.5s  elapsed=3.8min
22:19:22  INFO   [fold 4] epoch  17  train_loss=0.0855  val_loss=0.1262  epoch_time=15.0s  elapsed=4.1min
22:19:39  INFO   [fold 4] epoch  18  train_loss=0.0863  val_loss=0.1219  epoch_time=16.4s  elapsed=4.3min
22:19:55  INFO   [fold 4] epoch  19  train_loss=0.0836  val_loss=0.1210  epoch_time=16.0s  elapsed=4.6min
22:20:14  INFO   [fold 4] epoch  20  train_loss=0.0821  val_loss=0.1255  epoch_time=19.1s  elapsed=4.9min
22:20:30  INFO   [fold 4] epoch  21  train_loss=0.0774  val_loss=0.1285  epoch_time=16.7s  elapsed=5.2min
22:20:48  INFO   [fold 4] epoch  22  train_loss=0.0737  val_loss=0.1148  epoch_time=17.2s  elapsed=5.5min
22:21:03  INFO   [fold 4] epoch  23  train_loss=0.0676  val_loss=0.1187  epoch_time=15.5s  elapsed=5.7min
22:21:18  INFO   [fold 4] epoch  24  train_loss=0.0715  val_loss=0.1183  epoch_time=15.2s  elapsed=6.0min
22:21:33  INFO   [fold 4] epoch  25  train_loss=0.0651  val_loss=0.1173  epoch_time=14.7s  elapsed=6.2min
22:21:49  INFO   [fold 4] epoch  26  train_loss=0.0665  val_loss=0.1164  epoch_time=16.0s  elapsed=6.5min
22:22:03  INFO   [fold 4] epoch  27  train_loss=0.0596  val_loss=0.1108  epoch_time=13.9s  elapsed=6.7min
22:22:17  INFO   [fold 4] epoch  28  train_loss=0.0613  val_loss=0.1141  epoch_time=13.9s  elapsed=7.0min
22:22:30  INFO   [fold 4] epoch  29  train_loss=0.0580  val_loss=0.1137  epoch_time=13.4s  elapsed=7.2min
22:22:44  INFO   [fold 4] epoch  30  train_loss=0.0523  val_loss=0.1098  epoch_time=13.5s  elapsed=7.4min
22:22:58  INFO   [fold 4] epoch  31  train_loss=0.0569  val_loss=0.1144  epoch_time=14.0s  elapsed=7.6min
22:23:11  INFO   [fold 4] epoch  32  train_loss=0.0538  val_loss=0.1104  epoch_time=13.3s  elapsed=7.9min
22:23:25  INFO   [fold 4] epoch  33  train_loss=0.0539  val_loss=0.1079  epoch_time=13.8s  elapsed=8.1min
22:23:38  INFO   [fold 4] epoch  34  train_loss=0.0529  val_loss=0.1093  epoch_time=13.6s  elapsed=8.3min
22:23:52  INFO   [fold 4] epoch  35  train_loss=0.0542  val_loss=0.1133  epoch_time=13.2s  elapsed=8.5min
22:24:05  INFO   [fold 4] epoch  36  train_loss=0.0493  val_loss=0.1093  epoch_time=13.6s  elapsed=8.8min
22:24:18  INFO   [fold 4] epoch  37  train_loss=0.0481  val_loss=0.1133  epoch_time=13.3s  elapsed=9.0min
22:24:32  INFO   [fold 4] epoch  38  train_loss=0.0475  val_loss=0.1096  epoch_time=13.5s  elapsed=9.2min
22:24:47  INFO   [fold 4] epoch  39  train_loss=0.0484  val_loss=0.1105  epoch_time=14.8s  elapsed=9.5min
22:24:47  INFO   [fold 4] training done.  time=9.5min  final_epoch=40  approx_best_epoch=40
22:24:47  INFO   [fold 4] predicting val OOF...
22:24:48  INFO   [fold 4] val_preds shape=(1184, 7)
22:24:48  INFO   [fold 4] per-target val R²: eea=0.9139  egb=0.8734  egc=0.8905  ei=0.6817  eps=0.6488  nc=0.8530  tg=0.9067
22:24:48  INFO   [fold 4] wrote checkpoint checkpoint_fold_4.pkl.gz
22:24:48  INFO   ============================================================
22:24:48  INFO   PER-TARGET OOF R² (multitask Chemprop, no blending)
22:24:48  INFO   ============================================================
22:24:48  INFO      eea  n=  221  OOF R²=0.8883  folds=['0.879', '0.889', '0.870', '0.876', '0.914']
22:24:48  INFO      egb  n=  337  OOF R²=0.9251  folds=['0.927', '0.936', '0.927', '0.935', '0.873']
22:24:48  INFO      egc  n= 2028  OOF R²=0.8830  folds=['0.884', '0.916', '0.797', '0.916', '0.891']
22:24:48  INFO       ei  n=  222  OOF R²=0.7804  folds=['0.807', '0.757', '0.842', '0.812', '0.682']
22:24:48  INFO      eps  n=  229  OOF R²=0.7584  folds=['0.806', '0.765', '0.793', '0.723', '0.649']
22:24:48  INFO       nc  n=  229  OOF R²=0.8599  folds=['0.854', '0.888', '0.833', '0.857', '0.853']
22:24:48  INFO       tg  n= 4139  OOF R²=0.8934  folds=['0.912', '0.886', '0.873', '0.889', '0.907']
22:24:48  INFO     MEAN R² = 0.8555
22:24:48  INFO   fold best_epochs = [40, 40, 15, 26, 40]   →   refit for 44 epochs
22:24:48  INFO   [REFIT] fitting on full train for 44 epochs
22:24:50  INFO   [REFIT] full train datapoints: 5920
22:24:50  INFO   [REFIT] scaler mean=[  2.27813801   4.27628101   4.52899763   6.34629911   4.57655022
   1.93395983 143.46639523]  scale=[  1.10465121   1.97568174   1.56778112   1.04473987   1.09159948
   0.23492167 109.10378371]
22:25:07  INFO   [fold REFIT] epoch   0  train_loss=0.3362  val_loss=nan  epoch_time=16.7s  elapsed=0.3min
22:25:22  INFO   [fold REFIT] epoch   1  train_loss=0.2473  val_loss=nan  epoch_time=15.1s  elapsed=0.5min
22:25:37  INFO   [fold REFIT] epoch   2  train_loss=0.2057  val_loss=nan  epoch_time=15.0s  elapsed=0.8min
22:25:53  INFO   [fold REFIT] epoch   3  train_loss=0.1971  val_loss=nan  epoch_time=16.6s  elapsed=1.1min
22:26:13  INFO   [fold REFIT] epoch   4  train_loss=0.1723  val_loss=nan  epoch_time=19.2s  elapsed=1.4min
22:26:26  INFO   [fold REFIT] epoch   5  train_loss=0.1608  val_loss=nan  epoch_time=13.8s  elapsed=1.6min
22:26:40  INFO   [fold REFIT] epoch   6  train_loss=0.1476  val_loss=nan  epoch_time=13.6s  elapsed=1.8min
22:26:54  INFO   [fold REFIT] epoch   7  train_loss=0.1409  val_loss=nan  epoch_time=13.8s  elapsed=2.1min
22:27:09  INFO   [fold REFIT] epoch   8  train_loss=0.1306  val_loss=nan  epoch_time=15.5s  elapsed=2.3min
22:27:25  INFO   [fold REFIT] epoch   9  train_loss=0.1224  val_loss=nan  epoch_time=15.8s  elapsed=2.6min
22:27:39  INFO   [fold REFIT] epoch  10  train_loss=0.1176  val_loss=nan  epoch_time=13.8s  elapsed=2.8min
22:27:53  INFO   [fold REFIT] epoch  11  train_loss=0.1121  val_loss=nan  epoch_time=13.7s  elapsed=3.0min
22:28:07  INFO   [fold REFIT] epoch  12  train_loss=0.1064  val_loss=nan  epoch_time=14.3s  elapsed=3.3min
22:28:21  INFO   [fold REFIT] epoch  13  train_loss=0.1026  val_loss=nan  epoch_time=13.9s  elapsed=3.5min
22:28:34  INFO   [fold REFIT] epoch  14  train_loss=0.0939  val_loss=nan  epoch_time=13.8s  elapsed=3.7min
22:28:48  INFO   [fold REFIT] epoch  15  train_loss=0.0932  val_loss=nan  epoch_time=13.9s  elapsed=4.0min
22:29:03  INFO   [fold REFIT] epoch  16  train_loss=0.0869  val_loss=nan  epoch_time=14.5s  elapsed=4.2min
22:29:17  INFO   [fold REFIT] epoch  17  train_loss=0.0859  val_loss=nan  epoch_time=13.9s  elapsed=4.4min
22:29:31  INFO   [fold REFIT] epoch  18  train_loss=0.0811  val_loss=nan  epoch_time=13.7s  elapsed=4.7min
22:29:44  INFO   [fold REFIT] epoch  19  train_loss=0.0797  val_loss=nan  epoch_time=14.0s  elapsed=4.9min
22:29:58  INFO   [fold REFIT] epoch  20  train_loss=0.0746  val_loss=nan  epoch_time=13.9s  elapsed=5.1min
22:30:12  INFO   [fold REFIT] epoch  21  train_loss=0.0751  val_loss=nan  epoch_time=13.8s  elapsed=5.4min
22:30:26  INFO   [fold REFIT] epoch  22  train_loss=0.0679  val_loss=nan  epoch_time=13.7s  elapsed=5.6min
22:30:40  INFO   [fold REFIT] epoch  23  train_loss=0.0667  val_loss=nan  epoch_time=13.9s  elapsed=5.8min
22:30:54  INFO   [fold REFIT] epoch  24  train_loss=0.0646  val_loss=nan  epoch_time=13.7s  elapsed=6.1min
22:31:08  INFO   [fold REFIT] epoch  25  train_loss=0.0637  val_loss=nan  epoch_time=14.1s  elapsed=6.3min
22:31:21  INFO   [fold REFIT] epoch  26  train_loss=0.0610  val_loss=nan  epoch_time=13.6s  elapsed=6.5min
22:31:35  INFO   [fold REFIT] epoch  27  train_loss=0.0585  val_loss=nan  epoch_time=13.7s  elapsed=6.8min
22:31:49  INFO   [fold REFIT] epoch  28  train_loss=0.0557  val_loss=nan  epoch_time=13.9s  elapsed=7.0min
22:32:03  INFO   [fold REFIT] epoch  29  train_loss=0.0543  val_loss=nan  epoch_time=13.9s  elapsed=7.2min
22:32:17  INFO   [fold REFIT] epoch  30  train_loss=0.0538  val_loss=nan  epoch_time=13.9s  elapsed=7.4min
22:32:31  INFO   [fold REFIT] epoch  31  train_loss=0.0515  val_loss=nan  epoch_time=13.9s  elapsed=7.7min
22:32:44  INFO   [fold REFIT] epoch  32  train_loss=0.0495  val_loss=nan  epoch_time=13.8s  elapsed=7.9min
22:32:59  INFO   [fold REFIT] epoch  33  train_loss=0.0489  val_loss=nan  epoch_time=14.1s  elapsed=8.1min
22:33:12  INFO   [fold REFIT] epoch  34  train_loss=0.0475  val_loss=nan  epoch_time=13.7s  elapsed=8.4min
22:33:26  INFO   [fold REFIT] epoch  35  train_loss=0.0497  val_loss=nan  epoch_time=13.6s  elapsed=8.6min
22:33:40  INFO   [fold REFIT] epoch  36  train_loss=0.0457  val_loss=nan  epoch_time=13.9s  elapsed=8.8min
22:33:53  INFO   [fold REFIT] epoch  37  train_loss=0.0457  val_loss=nan  epoch_time=13.7s  elapsed=9.1min
22:34:08  INFO   [fold REFIT] epoch  38  train_loss=0.0435  val_loss=nan  epoch_time=14.6s  elapsed=9.3min
22:34:22  INFO   [fold REFIT] epoch  39  train_loss=0.0429  val_loss=nan  epoch_time=13.8s  elapsed=9.5min
22:34:36  INFO   [fold REFIT] epoch  40  train_loss=0.0442  val_loss=nan  epoch_time=13.7s  elapsed=9.8min
22:34:49  INFO   [fold REFIT] epoch  41  train_loss=0.0428  val_loss=nan  epoch_time=13.8s  elapsed=10.0min
22:35:03  INFO   [fold REFIT] epoch  42  train_loss=0.0416  val_loss=nan  epoch_time=14.0s  elapsed=10.2min
22:35:17  INFO   [fold REFIT] epoch  43  train_loss=0.0407  val_loss=nan  epoch_time=13.7s  elapsed=10.5min
22:35:17  INFO   [REFIT] done.  time=10.5min
22:35:17  INFO   [REFIT] predicting 4133 unique test SMILES
22:35:22  INFO   cached refit test predictions to refit_test_preds.pkl.gz
22:35:22  INFO   wrote /Users/dhruval/Documents/polymer-property-prediction-2/results/exp_chemprop_multitask_cpu/oof.csv  rows=7405
22:35:23  INFO   wrote /Users/dhruval/Documents/polymer-property-prediction-2/results/exp_chemprop_multitask_cpu/submission.csv  rows=4940
22:35:23  INFO   wrote /Users/dhruval/Documents/polymer-property-prediction-2/results/exp_chemprop_multitask_cpu/cv_summary.json
22:35:23  INFO   ============================================================
22:35:23  INFO   DONE.  mean OOF R² = 0.8555  total wall time = 51.6min
