19:54:15  INFO   logging to /Users/dhruval/Documents/polymer-property-prediction-2/results/exp_blend_lgb_mlp/run.log
19:54:15  INFO   === exp_blend_lgb_mlp ===
19:54:15  INFO   input files verified:
19:54:15  INFO     LGB dir: /Users/dhruval/Documents/polymer-property-prediction-2/results/exp_chain_ext_lgbm
19:54:15  INFO     MLP dir: /Users/dhruval/Documents/polymer-property-prediction-2/results/exp_chain_ext_mlp
19:54:15  INFO   loading OOF from both sources...
19:54:15  INFO     LGB OOF: (7405, 4)
19:54:15  INFO     MLP OOF: (7405, 4)
19:54:15  INFO     aligned OOF: (7405, 5)
19:54:15  INFO   loading test submissions...
19:54:15  INFO     LGB sub: (4940, 2)
19:54:15  INFO     MLP sub: (4940, 2)
19:54:15  INFO     aligned sub: (4940, 4)
19:54:15  INFO   ============================================================
19:54:15  INFO   PER-TARGET NNLS BLEND  (LGB chain-ext + MLP chain-ext)
19:54:15  INFO   ============================================================
19:54:15  INFO   CONFIG: LGB_WEIGHT_FLOOR=0.0   APPLY_LGB_BIAS=0.0
19:54:15  INFO   [eea] n_oof=221
19:54:15  INFO     [eea] individual OOF R²:  LGB=0.8734   MLP=0.8637
19:54:15  INFO     [eea] NNLS raw:   w_lgb=0.5598  w_mlp=0.4456  (sum=1.0055)
19:54:15  INFO     [eea] normalized: w_lgb=0.5568  w_mlp=0.4432
19:54:15  INFO     [eea] BLEND OOF R² = 0.8913   Δ vs better solo = +0.0180
19:54:15  INFO   [egb] n_oof=337
19:54:15  INFO     [egb] individual OOF R²:  LGB=0.9087   MLP=0.8923
19:54:15  INFO     [egb] NNLS raw:   w_lgb=0.6071  w_mlp=0.3975  (sum=1.0046)
19:54:15  INFO     [egb] normalized: w_lgb=0.6043  w_mlp=0.3957
19:54:15  INFO     [egb] BLEND OOF R² = 0.9211   Δ vs better solo = +0.0124
19:54:15  INFO   [egc] n_oof=2028
19:54:15  INFO     [egc] individual OOF R²:  LGB=0.9023   MLP=0.8819
19:54:15  INFO     [egc] NNLS raw:   w_lgb=0.6708  w_mlp=0.3299  (sum=1.0008)
19:54:15  INFO     [egc] normalized: w_lgb=0.6703  w_mlp=0.3297
19:54:15  INFO     [egc] BLEND OOF R² = 0.9088   Δ vs better solo = +0.0065
19:54:15  INFO   [ei] n_oof=222
19:54:15  INFO     [ei] individual OOF R²:  LGB=0.8041   MLP=0.8028
19:54:15  INFO     [ei] NNLS raw:   w_lgb=0.5062  w_mlp=0.4924  (sum=0.9986)
19:54:15  INFO     [ei] normalized: w_lgb=0.5069  w_mlp=0.4931
19:54:15  INFO     [ei] BLEND OOF R² = 0.8255   Δ vs better solo = +0.0213
19:54:15  INFO   [eps] n_oof=229
19:54:15  INFO     [eps] individual OOF R²:  LGB=0.8218   MLP=0.8038
19:54:15  INFO     [eps] NNLS raw:   w_lgb=0.6654  w_mlp=0.3379  (sum=1.0032)
19:54:15  INFO     [eps] normalized: w_lgb=0.6632  w_mlp=0.3368
19:54:15  INFO     [eps] BLEND OOF R² = 0.8284   Δ vs better solo = +0.0066
19:54:15  INFO   [nc] n_oof=229
19:54:15  INFO     [nc] individual OOF R²:  LGB=0.8471   MLP=0.8551
19:54:15  INFO     [nc] NNLS raw:   w_lgb=0.4425  w_mlp=0.5569  (sum=0.9995)
19:54:15  INFO     [nc] normalized: w_lgb=0.4428  w_mlp=0.5572
19:54:15  INFO     [nc] BLEND OOF R² = 0.8694   Δ vs better solo = +0.0142
19:54:15  INFO   [tg] n_oof=4139
19:54:15  INFO     [tg] individual OOF R²:  LGB=0.9063   MLP=0.8914
19:54:15  INFO     [tg] NNLS raw:   w_lgb=0.6514  w_mlp=0.3559  (sum=1.0073)
19:54:15  INFO     [tg] normalized: w_lgb=0.6467  w_mlp=0.3533
19:54:15  INFO     [tg] BLEND OOF R² = 0.9126   Δ vs better solo = +0.0063
19:54:15  INFO   ============================================================
19:54:15  INFO   SUMMARY: per-target OOF R² (individual vs blend)
19:54:15  INFO   ============================================================
19:54:15  INFO     target         LGB         MLP       blend   w_lgb   w_mlp    best
19:54:15  INFO        eea      0.8734      0.8637      0.8913   0.557   0.443     lgb
19:54:15  INFO        egb      0.9087      0.8923      0.9211   0.604   0.396     lgb
19:54:15  INFO        egc      0.9023      0.8819      0.9088   0.670   0.330     lgb
19:54:15  INFO         ei      0.8041      0.8028      0.8255   0.507   0.493     lgb
19:54:15  INFO        eps      0.8218      0.8038      0.8284   0.663   0.337     lgb
19:54:15  INFO         nc      0.8471      0.8551      0.8694   0.443   0.557     mlp
19:54:15  INFO         tg      0.9063      0.8914      0.9126   0.647   0.353     lgb
19:54:15  INFO       MEAN      0.8662      0.8559      0.8796
19:54:15  INFO     BLEND OOF vs LGB solo: +0.0133
19:54:15  INFO     BLEND OOF vs MLP solo: +0.0237
19:54:15  INFO   wrote /Users/dhruval/Documents/polymer-property-prediction-2/results/exp_blend_lgb_mlp/submission.csv  rows=4940
19:54:15  INFO   wrote /Users/dhruval/Documents/polymer-property-prediction-2/results/exp_blend_lgb_mlp/blended_oof.csv  rows=7405
19:54:15  INFO   wrote /Users/dhruval/Documents/polymer-property-prediction-2/results/exp_blend_lgb_mlp/blend_summary.json
19:54:15  INFO   ============================================================
19:54:15  INFO   DECISION GUIDANCE
19:54:15  INFO   ============================================================
19:54:15  INFO   LGB chain-ext v1 solo LB (ref): 0.894
19:54:15  INFO   MLP chain-ext solo LB (guess):  0.87-0.88 (untested)
19:54:15  INFO   Prior best (blend_nnls_3seed):  0.897
19:54:15  INFO   THIS blend OOF: 0.8796
19:54:15  INFO   
19:54:15  INFO   Interpretation:
19:54:15  INFO     - If blend OOF > LGB solo OOF (0.8662):  real complementarity, LB likely ≥ 0.894
19:54:15  INFO     - If blend OOF > 0.870:  strong signal, LB may exceed 0.897
19:54:15  INFO     - If blend OOF ~ LGB OOF:  MLP added no diversity; don't submit
19:54:15  INFO     - If blend OOF < LGB OOF:  MLP hurt blend; something's wrong
19:54:15  INFO   wall time: 0.1s
