11:40:46  INFO   logging to /Users/dhruval/Documents/polymer-property-prediction-2/results/exp_polymer_physics_prior/run.log
11:40:46  INFO   === exp_polymer_physics_prior ===
11:40:46  INFO   CONFIG: n_splits=5  seed=42  ridge_alpha=1.0
11:40:46  INFO   Features: 36 = 27 SMARTS + 9 backbone/aggregate
11:40:46  INFO   Post-fit: Maxwell EPS↔Nc physics prior blend
11:40:46  INFO   loading train.csv / test.csv
11:40:46  INFO   train raw: (7409, 3)   test raw: (4940, 3)
11:40:46  INFO   canonicalizing 10605 unique raw SMILES
11:40:49  INFO   collapsing 4 duplicate (canon, target_type) rows in train by mean
11:40:49  INFO   train after dedup: (7405, 4)
11:40:49  INFO   per-target train counts: {'tg': 4139, 'egc': 2028, 'egb': 337, 'eps': 229, 'nc': 229, 'ei': 222, 'eea': 221}
11:40:49  INFO   per-target test  counts: {'tg': 2763, 'egc': 1352, 'egb': 224, 'eps': 153, 'nc': 153, 'ei': 148, 'eea': 147}
11:40:49  INFO   unique canonical SMILES (train + test): 8990
11:40:49  INFO   computing 36 physics features per polymer...
11:40:59  INFO   X_all: (8990, 36)  size=1.29MB  time=9.8s
11:40:59  INFO   feature non-zero counts (across all canons):
11:40:59  INFO                sp3_c_chain   nnz= 8989 (100.0%)   mean=  7.522   max=   64.0
11:40:59  INFO                 sp3_c_ring   nnz= 1383 ( 15.4%)   mean=  0.783   max=   27.0
11:40:59  INFO             sp2_c_aromatic   nnz= 6867 ( 76.4%)   mean= 15.680   max=   96.0
11:40:59  INFO               sp2_c_alkene   nnz=  729 (  8.1%)   mean=  0.211   max=   12.0
11:40:59  INFO                     phenyl   nnz= 6439 ( 71.6%)   mean=  2.495   max=   16.0
11:40:59  INFO                   biphenyl   nnz= 1227 ( 13.6%)   mean=  0.218   max=   12.0
11:40:59  INFO                naphthalene   nnz=  399 (  4.4%)   mean=  0.060   max=    6.0
11:40:59  INFO            aromatic_5_ring   nnz= 2771 ( 30.8%)   mean=  1.715   max=   30.0
11:40:59  INFO                     atom_F   nnz=  986 ( 11.0%)   mean=  0.739   max=   36.0
11:40:59  INFO                    atom_Cl   nnz=  257 (  2.9%)   mean=  0.053   max=    9.0
11:40:59  INFO                    atom_Br   nnz=  125 (  1.4%)   mean=  0.026   max=    5.0
11:40:59  INFO                    atom_Si   nnz=  354 (  3.9%)   mean=  0.074   max=   10.0
11:40:59  INFO                     atom_S   nnz= 1523 ( 16.9%)   mean=  0.257   max=   10.0
11:40:59  INFO                     atom_N   nnz= 5363 ( 59.7%)   mean=  1.460   max=   14.0
11:40:59  INFO                     atom_O   nnz= 7871 ( 87.6%)   mean=  3.756   max=   38.0
11:40:59  INFO                      ester   nnz= 2911 ( 32.4%)   mean=  0.540   max=    8.0
11:40:59  INFO                      amide   nnz= 3509 ( 39.0%)   mean=  1.180   max=   12.0
11:40:59  INFO                      ether   nnz= 2850 ( 31.7%)   mean=  0.768   max=   48.0
11:40:59  INFO                   carbonyl   nnz= 6248 ( 69.5%)   mean=  1.859   max=   11.0
11:40:59  INFO                    sulfone   nnz=  532 (  5.9%)   mean=  0.071   max=    3.0
11:40:59  INFO                  sulfoxide   nnz=    7 (  0.1%)   mean=  0.001   max=    1.0
11:40:59  INFO                    nitrile   nnz=  322 (  3.6%)   mean=  0.060   max=   11.0
11:40:59  INFO                   urethane   nnz=  303 (  3.4%)   mean=  0.061   max=    4.0
11:40:59  INFO                      vinyl   nnz=  814 (  9.1%)   mean=  0.134   max=   12.0
11:40:59  INFO                   hydroxyl   nnz=  358 (  4.0%)   mean=  0.061   max=    8.0
11:40:59  INFO                 amine_prim   nnz=   41 (  0.5%)   mean=  0.006   max=    3.0
11:40:59  INFO                  amine_sec   nnz=  672 (  7.5%)   mean=  0.094   max=    5.0
11:40:59  INFO             backbone_atoms   nnz= 8990 (100.0%)   mean= 14.844   max=   68.0
11:40:59  INFO     backbone_aromatic_frac   nnz= 5783 ( 64.3%)   mean=  0.409   max=    1.0
11:40:59  INFO          backbone_sp2_frac   nnz= 7286 ( 81.0%)   mean=  0.615   max=    1.0
11:40:59  INFO                heavy_atoms   nnz= 8990 (100.0%)   mean= 32.668   max=  166.0
11:40:59  INFO                  rot_bonds   nnz= 8857 ( 98.5%)   mean=  8.690   max=   92.0
11:40:59  INFO                  F_C_ratio   nnz=  986 ( 11.0%)   mean=  0.037   max=    1.7
11:40:59  INFO               halogen_frac   nnz= 1342 ( 14.9%)   mean=  0.026   max=    0.6
11:40:59  INFO              aromatic_frac   nnz= 6867 ( 76.4%)   mean=  0.413   max=    1.0
11:40:59  INFO                   sp3_frac   nnz= 8990 (100.0%)   mean=  0.377   max=    1.0
11:40:59  INFO   ============================================================
11:40:59  INFO   PER-TARGET RIDGE (alpha=1.0, 36 features)
11:40:59  INFO   ============================================================
11:40:59  INFO   ------------------------------------------------------------
11:40:59  INFO   [eea] train rows=221   test rows=147   y range=[0.3936, 5.1438]   std=1.1047
11:40:59  INFO   [eea] X shape train=(221, 36), test=(147, 36)
11:40:59  INFO   [eea] fold 0: R²=0.6293  n_val=45  time=0.02s
11:40:59  INFO   [eea] fold 1: R²=0.8738  n_val=44  time=0.00s
11:40:59  INFO   [eea] fold 2: R²=0.5000  n_val=44  time=0.00s
11:40:59  INFO   [eea] fold 3: R²=0.8384  n_val=44  time=0.00s
11:40:59  INFO   [eea] fold 4: R²=0.7832  n_val=44  time=0.00s
11:40:59  INFO   [eea] OOF R² (Ridge only, pre-Maxwell) = 0.7342   (fold mean 0.7249)
11:40:59  INFO   [eea] refit + predict test done  time=0.00s
11:40:59  INFO   [eea] top-5 features by |coef|: atom_S=0.839  phenyl=0.782  sp2_c_aromatic=0.720  amine_sec=0.620  amide=0.580
11:40:59  INFO   ------------------------------------------------------------
11:40:59  INFO   [egb] train rows=337   test rows=224   y range=[0.5068, 10.1137]   std=1.9757
11:40:59  INFO   [egb] X shape train=(337, 36), test=(224, 36)
11:40:59  INFO   [egb] fold 0: R²=0.8076  n_val=68  time=0.00s
11:40:59  INFO   [egb] fold 1: R²=0.8665  n_val=68  time=0.00s
11:40:59  INFO   [egb] fold 2: R²=0.8115  n_val=67  time=0.00s
11:40:59  INFO   [egb] fold 3: R²=0.8058  n_val=67  time=0.00s
11:40:59  INFO   [egb] fold 4: R²=0.7402  n_val=67  time=0.00s
11:40:59  INFO   [egb] OOF R² (Ridge only, pre-Maxwell) = 0.8134   (fold mean 0.8063)
11:40:59  INFO   [egb] refit + predict test done  time=0.00s
11:40:59  INFO   [egb] top-5 features by |coef|: sp3_c_chain=0.425  backbone_sp2_frac=0.396  sp3_frac=0.389  F_C_ratio=0.375  rot_bonds=0.345
11:40:59  INFO   ------------------------------------------------------------
11:40:59  INFO   [egc] train rows=2028   test rows=1352   y range=[0.0205, 9.8627]   std=1.5678
11:40:59  INFO   [egc] X shape train=(2028, 36), test=(1352, 36)
11:40:59  INFO   [egc] fold 0: R²=0.8108  n_val=406  time=0.00s
11:40:59  INFO   [egc] fold 1: R²=0.7796  n_val=406  time=0.00s
11:40:59  INFO   [egc] fold 2: R²=0.7103  n_val=406  time=0.00s
11:40:59  INFO   [egc] fold 3: R²=0.7562  n_val=405  time=0.00s
11:40:59  INFO   [egc] fold 4: R²=0.7497  n_val=405  time=0.00s
11:40:59  INFO   [egc] OOF R² (Ridge only, pre-Maxwell) = 0.7617   (fold mean 0.7613)
11:40:59  INFO   [egc] refit + predict test done  time=0.00s
11:40:59  INFO   [egc] top-5 features by |coef|: heavy_atoms=1.698  sp2_c_aromatic=1.219  sp3_c_chain=0.477  aromatic_frac=0.337  backbone_atoms=0.328
11:40:59  INFO   ------------------------------------------------------------
11:40:59  INFO   [ei] train rows=222   test rows=148   y range=[4.0261, 9.8385]   std=1.0447
11:40:59  INFO   [ei] X shape train=(222, 36), test=(148, 36)
11:40:59  INFO   [ei] fold 0: R²=0.7303  n_val=45  time=0.00s
11:40:59  INFO   [ei] fold 1: R²=0.7957  n_val=45  time=0.00s
11:40:59  INFO   [ei] fold 2: R²=0.6085  n_val=44  time=0.00s
11:40:59  INFO   [ei] fold 3: R²=0.8241  n_val=44  time=0.00s
11:40:59  INFO   [ei] fold 4: R²=0.6518  n_val=44  time=0.00s
11:40:59  INFO   [ei] OOF R² (Ridge only, pre-Maxwell) = 0.7430   (fold mean 0.7221)
11:40:59  INFO   [ei] refit + predict test done  time=0.00s
11:40:59  INFO   [ei] top-5 features by |coef|: halogen_frac=0.492  backbone_atoms=0.478  backbone_sp2_frac=0.447  aromatic_5_ring=0.397  rot_bonds=0.396
11:40:59  INFO   ------------------------------------------------------------
11:40:59  INFO   [eps] train rows=229   test rows=153   y range=[2.6100, 9.0900]   std=1.0916
11:40:59  INFO   [eps] X shape train=(229, 36), test=(153, 36)
11:40:59  INFO   [eps] fold 0: R²=0.6099  n_val=46  time=0.00s
11:40:59  INFO   [eps] fold 1: R²=0.7869  n_val=46  time=0.00s
11:40:59  INFO   [eps] fold 2: R²=0.5922  n_val=46  time=0.00s
11:40:59  INFO   [eps] fold 3: R²=0.6118  n_val=46  time=0.00s
11:40:59  INFO   [eps] fold 4: R²=0.5637  n_val=45  time=0.00s
11:40:59  INFO   [eps] OOF R² (Ridge only, pre-Maxwell) = 0.6351   (fold mean 0.6329)
11:40:59  INFO   [eps] refit + predict test done  time=0.00s
11:40:59  INFO   [eps] top-5 features by |coef|: aromatic_frac=0.742  atom_S=0.478  backbone_atoms=0.458  atom_N=0.441  backbone_sp2_frac=0.441
11:40:59  INFO   ------------------------------------------------------------
11:40:59  INFO   [nc] train rows=229   test rows=153   y range=[1.5596, 2.7581]   std=0.2349
11:40:59  INFO   [nc] X shape train=(229, 36), test=(153, 36)
11:40:59  INFO   [nc] fold 0: R²=0.7663  n_val=46  time=0.00s
11:40:59  INFO   [nc] fold 1: R²=0.6840  n_val=46  time=0.00s
11:40:59  INFO   [nc] fold 2: R²=0.5677  n_val=46  time=0.00s
11:40:59  INFO   [nc] fold 3: R²=0.4515  n_val=46  time=0.00s
11:40:59  INFO   [nc] fold 4: R²=0.6917  n_val=45  time=0.00s
11:40:59  INFO   [nc] OOF R² (Ridge only, pre-Maxwell) = 0.6546   (fold mean 0.6323)
11:40:59  INFO   [nc] refit + predict test done  time=0.00s
11:40:59  INFO   [nc] top-5 features by |coef|: aromatic_frac=0.756  backbone_sp2_frac=0.755  backbone_aromatic_frac=0.667  atom_S=0.477  backbone_atoms=0.454
11:40:59  INFO   ------------------------------------------------------------
11:40:59  INFO   [tg] train rows=4139   test rows=2763   y range=[-109.8200, 495.0000]   std=109.1038
11:40:59  INFO   [tg] X shape train=(4139, 36), test=(2763, 36)
11:40:59  INFO   [tg] fold 0: R²=0.7748  n_val=828  time=0.00s
11:40:59  INFO   [tg] fold 1: R²=0.7440  n_val=828  time=0.00s
11:40:59  INFO   [tg] fold 2: R²=0.7594  n_val=828  time=0.00s
11:40:59  INFO   [tg] fold 3: R²=0.7611  n_val=828  time=0.00s
11:40:59  INFO   [tg] fold 4: R²=0.7526  n_val=827  time=0.00s
11:40:59  INFO   [tg] OOF R² (Ridge only, pre-Maxwell) = 0.7587   (fold mean 0.7584)
11:40:59  INFO   [tg] refit + predict test done  time=0.00s
11:40:59  INFO   [tg] top-5 features by |coef|: rot_bonds=0.638  sp3_c_chain=0.602  sp2_c_aromatic=0.539  sp3_frac=0.509  heavy_atoms=0.442
11:40:59  INFO   ============================================================
11:40:59  INFO   Ridge-only per-target OOF R²  (before Maxwell)
11:40:59  INFO   ============================================================
11:40:59  INFO      eea   n=  221   R²=0.7342
11:40:59  INFO      egb   n=  337   R²=0.8134
11:40:59  INFO      egc   n= 2028   R²=0.7617
11:40:59  INFO       ei   n=  222   R²=0.7430
11:40:59  INFO      eps   n=  229   R²=0.6351
11:40:59  INFO       nc   n=  229   R²=0.6546
11:40:59  INFO       tg   n= 4139   R²=0.7587
11:40:59  INFO     MEAN R² (Ridge only) = 0.7287
11:40:59  INFO   ============================================================
11:40:59  INFO   MAXWELL RELATION POST-FIT (EPS ↔ Nc)
11:40:59  INFO   ============================================================
11:40:59  INFO   co-labeled train molecules: n=134
11:40:59  INFO   forward EPS = 1.0401·Nc² + 0.6155   R²=0.8553
11:40:59  INFO   reverse Nc² = 0.8223·EPS + 0.0398   R²(on Nc)=0.8368
11:40:59  INFO   eps blend: Ridge R²=0.6351  best w=0.205  blend R²=0.7598   Δ=+0.1248
11:40:59  INFO   nc blend: Ridge R²=0.6546  best w=0.400  blend R²=0.7468   Δ=+0.0922
11:40:59  INFO   ============================================================
11:40:59  INFO   FINAL PER-TARGET OOF R² (post-Maxwell)
11:40:59  INFO   ============================================================
11:40:59  INFO      eea   R²=0.7342
11:40:59  INFO      egb   R²=0.8134
11:40:59  INFO      egc   R²=0.7617
11:40:59  INFO       ei   R²=0.7430
11:40:59  INFO      eps   R²=0.7598
11:40:59  INFO       nc   R²=0.7468
11:40:59  INFO       tg   R²=0.7587
11:40:59  INFO     MEAN R² (final) = 0.7596   (pre-Maxwell was 0.7287)
11:41:00  INFO   wrote /Users/dhruval/Documents/polymer-property-prediction-2/results/exp_polymer_physics_prior/oof.csv  rows=7405
11:41:00  INFO   wrote /Users/dhruval/Documents/polymer-property-prediction-2/results/exp_polymer_physics_prior/submission.csv  rows=4940
11:41:00  INFO   wrote /Users/dhruval/Documents/polymer-property-prediction-2/results/exp_polymer_physics_prior/cv_summary.json
11:41:00  INFO   ============================================================
11:41:00  INFO   FINAL PER-TARGET OOF R²  (Ridge + Maxwell)  vs chain-ext LGB v1 reference
11:41:00  INFO   ============================================================
11:41:00  INFO     target     physics      LGB v1     delta
11:41:00  INFO        eea      0.7342      0.8734   -0.1392
11:41:00  INFO        egb      0.8134      0.9087   -0.0953
11:41:00  INFO        egc      0.7617      0.9023   -0.1406
11:41:00  INFO         ei      0.7430      0.8041   -0.0611
11:41:00  INFO        eps      0.7598      0.8218   -0.0620
11:41:00  INFO         nc      0.7468      0.8471   -0.1003
11:41:00  INFO         tg      0.7587      0.9063   -0.1476
11:41:00  INFO       MEAN      0.7596      0.8662   -0.1066
11:41:00  INFO     (chain-ext v1 LB reference: 0.894 — physics prior is WEAKER solo but structurally orthogonal for blending)
11:41:00  INFO   wall time: 0.2min
